/home/sai_pavan/Documents/Agnite SVPWM UART-20230302T180339Z-001/Agnite SVPWM UART/DrivePOC_Controller_NXP/CM4F_RTCESL_4.5.1_MCUX/MLIB/Include/MLIB_Add_F16_Asmi.h:59:24:MLIB_AddSat_F16_FAsmi	4	static
/home/sai_pavan/Documents/Agnite SVPWM UART-20230302T180339Z-001/Agnite SVPWM UART/DrivePOC_Controller_NXP/CM4F_RTCESL_4.5.1_MCUX/MLIB/Include/MLIB_Add_F32_Asmi.h:59:24:MLIB_AddSat_F32_FAsmi	4	static
/home/sai_pavan/Documents/Agnite SVPWM UART-20230302T180339Z-001/Agnite SVPWM UART/DrivePOC_Controller_NXP/CM4F_RTCESL_4.5.1_MCUX/MLIB/Include/MLIB_Shift_F32.h:93:24:MLIB_ShR_F32_FCi	4	static
/home/sai_pavan/Documents/Agnite SVPWM UART-20230302T180339Z-001/Agnite SVPWM UART/DrivePOC_Controller_NXP/CM4F_RTCESL_4.5.1_MCUX/MLIB/Include/MLIB_Shift_F32_Asmi.h:83:24:MLIB_ShLSat_F32_FAsmi	12	static
/home/sai_pavan/Documents/Agnite SVPWM UART-20230302T180339Z-001/Agnite SVPWM UART/DrivePOC_Controller_NXP/CM4F_RTCESL_4.5.1_MCUX/MLIB/Include/MLIB_Neg_F16.h:58:24:MLIB_Neg_F16_FCi	4	static
/home/sai_pavan/Documents/Agnite SVPWM UART-20230302T180339Z-001/Agnite SVPWM UART/DrivePOC_Controller_NXP/CM4F_RTCESL_4.5.1_MCUX/MLIB/Include/MLIB_Sat_A32_Asmi.h:60:24:MLIB_Sat_F16a_FAsmi	4	static
/home/sai_pavan/Documents/Agnite SVPWM UART-20230302T180339Z-001/Agnite SVPWM UART/DrivePOC_Controller_NXP/CM4F_RTCESL_4.5.1_MCUX/MLIB/Include/MLIB_Shift_F16_Asmi.h:83:24:MLIB_ShLSat_F16_FAsmi	4	static
/home/sai_pavan/Documents/Agnite SVPWM UART-20230302T180339Z-001/Agnite SVPWM UART/DrivePOC_Controller_NXP/CM4F_RTCESL_4.5.1_MCUX/MLIB/Include/MLIB_Sub_F32_Asmi.h:60:24:MLIB_SubSat_F32_FAsmi	4	static
/home/sai_pavan/Documents/Agnite SVPWM UART-20230302T180339Z-001/Agnite SVPWM UART/DrivePOC_Controller_NXP/CM4F_RTCESL_4.5.1_MCUX/GDFLIB/Include/GDFLIB_FilterMA_A32.h:73:20:GDFLIB_FilterMAInit_F16_FCi	16	static
/home/sai_pavan/Documents/Agnite SVPWM UART-20230302T180339Z-001/Agnite SVPWM UART/DrivePOC_Controller_NXP/CM4F_RTCESL_4.5.1_MCUX/GDFLIB/Include/GDFLIB_FilterMA_A32.h:103:24:GDFLIB_FilterMA_F16_FCi	24	static
../CM4F_RTCESL_4.5.1_MCUX/MCDRV/mcdrv_adc_adc16.c:32:8:MCDRV_Curr3Ph2ShGet	24	static
../CM4F_RTCESL_4.5.1_MCUX/MCDRV/mcdrv_adc_adc16.c:86:8:MCDRV_Curr3Ph2ShChanAssignInit	16	static
../CM4F_RTCESL_4.5.1_MCUX/MCDRV/mcdrv_adc_adc16.c:114:8:MCDRV_Curr3Ph2ShChanAssign	16	static
../CM4F_RTCESL_4.5.1_MCUX/MCDRV/mcdrv_adc_adc16.c:162:8:MCDRV_Curr3Ph2ShCalibInit	16	static
../CM4F_RTCESL_4.5.1_MCUX/MCDRV/mcdrv_adc_adc16.c:206:8:MCDRV_Curr3Ph2ShCalib	16	static
../CM4F_RTCESL_4.5.1_MCUX/MCDRV/mcdrv_adc_adc16.c:255:8:MCDRV_Curr3Ph2ShCalibSet	16	static
../CM4F_RTCESL_4.5.1_MCUX/MCDRV/mcdrv_adc_adc16.c:281:8:MCDRV_VoltDcBusGet	24	static
../CM4F_RTCESL_4.5.1_MCUX/MCDRV/mcdrv_adc_adc16.c:298:8:MCDRV_AuxValGet	24	static
